Archive member included because of file (symbol)

c:/yagarto/bin/../lib/gcc/arm-none-eabi/4.6.2\libgcc.a(_arm_addsubsf3.o)
                              fourier.o (__aeabi_fsub)
c:/yagarto/bin/../lib/gcc/arm-none-eabi/4.6.2\libgcc.a(_arm_muldivsf3.o)
                              fourier.o (__aeabi_fmul)
c:/yagarto/bin/../lib/gcc/arm-none-eabi/4.6.2\libgcc.a(_arm_fixunssfsi.o)
                              fourier.o (__aeabi_f2uiz)

Memory Configuration

Name             Origin             Length             Attributes
SDRAM            0x40000440         0x000027fc         xw
*default*        0x00000000         0xffffffff

Linker script and memory map

LOAD c:/yagarto/bin/../lib/gcc/arm-none-eabi/4.6.2/../../../../arm-none-eabi/lib\libc.a
LOAD c:/yagarto/bin/../lib/gcc/arm-none-eabi/4.6.2\libgcc.a
LOAD Debug.o
LOAD main.o
LOAD Bluetooth.o
LOAD AnalogRead.o
LOAD fourier.o
LOAD sin.o
LOAD time.o
LOAD pwm.o
LOAD helpers.o
LOAD gainControl.o
LOAD GPIOSetUp.o
START GROUP
LOAD c:/yagarto/bin/../lib/gcc/arm-none-eabi/4.6.2\libgcc.a
LOAD c:/yagarto/bin/../lib/gcc/arm-none-eabi/4.6.2/../../../../arm-none-eabi/lib\libc.a
END GROUP
                0x00000000                . = ALIGN (0x4)

.text           0x40000440     0x1f78
 *(.text)
 .text          0x40000440        0x0 Debug.o
 .text          0x40000440       0xa0 main.o
                0x40000440                Start
                0x40000474                Stop
                0x400004a8                Init
 .text          0x400004e0       0x50 Bluetooth.o
                0x400004e0                sendByte
 .text          0x40000530       0x5c AnalogRead.o
                0x40000530                analogRead
 .text          0x4000058c      0xdc0 fourier.o
                0x4000058c                four1
                0x40000a58                _sqrt
                0x40000aec                realft
                0x40001028                transformToBins
 .text          0x4000134c       0x68 sin.o
                0x4000134c                sin
 .text          0x400013b4        0x0 time.o
 .text          0x400013b4      0x304 pwm.o
                0x400013b4                pwmSetup
                0x400015a0                setPwm
 .text          0x400016b8       0x44 helpers.o
                0x400016b8                floatLT
 .text          0x400016fc      0x2c0 gainControl.o
                0x400016fc                addGainValue
 .text          0x400019bc      0x404 GPIOSetUp.o
                0x400019bc                GPIOPinSetup
                0x40001bbc                DigitalOutput
                0x40001c90                DigitalRead
                0x40001d14                InitSPI
 .text          0x40001dc0      0x2ac c:/yagarto/bin/../lib/gcc/arm-none-eabi/4.6.2\libgcc.a(_arm_addsubsf3.o)
                0x40001dc0                __aeabi_frsub
                0x40001dc8                __subsf3
                0x40001dc8                __aeabi_fsub
                0x40001dcc                __aeabi_fadd
                0x40001dcc                __addsf3
                0x40001f88                __aeabi_ui2f
                0x40001f88                __floatunsisf
                0x40001f90                __aeabi_i2f
                0x40001f90                __floatsisf
                0x40001fb0                __aeabi_ul2f
                0x40001fb0                __floatundisf
                0x40001fc0                __aeabi_l2f
                0x40001fc0                __floatdisf
 .text          0x4000206c      0x2f8 c:/yagarto/bin/../lib/gcc/arm-none-eabi/4.6.2\libgcc.a(_arm_muldivsf3.o)
                0x4000206c                __mulsf3
                0x4000206c                __aeabi_fmul
                0x40002204                __aeabi_fdiv
                0x40002204                __divsf3
 .text          0x40002364       0x54 c:/yagarto/bin/../lib/gcc/arm-none-eabi/4.6.2\libgcc.a(_arm_fixunssfsi.o)
                0x40002364                __fixunssfsi
                0x40002364                __aeabi_f2uiz

.glue_7         0x400023b8        0x0
 .glue_7        0x00000000        0x0 linker stubs

.glue_7t        0x400023b8        0x0
 .glue_7t       0x00000000        0x0 linker stubs

.vfp11_veneer   0x400023b8        0x0
 .vfp11_veneer  0x00000000        0x0 linker stubs

.v4_bx          0x400023b8        0x0
 .v4_bx         0x00000000        0x0 linker stubs
                0x400023b8                . = ALIGN (0x4)

.rodata         0x400023b8       0x74
 *(.rodata)
 .rodata        0x400023b8       0x24 sin.o
                0x400023b8                data
 .rodata        0x400023dc       0x50 gainControl.o
                0x400023dc                gainLevels
                0x40002428                center
                0x4000242c                . = ALIGN (0x4)

.data           0x4000242c       0x3c
 *(.data)
 .data          0x4000242c        0x0 Debug.o
 .data          0x4000242c        0x0 main.o
 .data          0x4000242c        0x0 Bluetooth.o
 .data          0x4000242c        0x0 AnalogRead.o
 .data          0x4000242c        0x0 fourier.o
 .data          0x4000242c        0x0 sin.o
 .data          0x4000242c        0x0 time.o
 .data          0x4000242c        0x4 pwm.o
                0x4000242c                _period
 .data          0x40002430        0x0 helpers.o
 .data          0x40002430       0x38 gainControl.o
                0x40002430                pwmLevels
                0x40002438                emaNums
                0x40002450                emaDenoms
 .data          0x40002468        0x0 GPIOSetUp.o
 .data          0x40002468        0x0 c:/yagarto/bin/../lib/gcc/arm-none-eabi/4.6.2\libgcc.a(_arm_addsubsf3.o)
 .data          0x40002468        0x0 c:/yagarto/bin/../lib/gcc/arm-none-eabi/4.6.2\libgcc.a(_arm_muldivsf3.o)
 .data          0x40002468        0x0 c:/yagarto/bin/../lib/gcc/arm-none-eabi/4.6.2\libgcc.a(_arm_fixunssfsi.o)
                0x40002468                . = ALIGN (0x4)

.bss            0x40002468        0x0
                0x40002468                __bss_start__ = .
 *(.bss)
 .bss           0x40002468        0x0 Debug.o
 .bss           0x40002468        0x0 main.o
 .bss           0x40002468        0x0 Bluetooth.o
 .bss           0x40002468        0x0 AnalogRead.o
 .bss           0x40002468        0x0 fourier.o
 .bss           0x40002468        0x0 sin.o
 .bss           0x40002468        0x0 time.o
 .bss           0x40002468        0x0 pwm.o
 .bss           0x40002468        0x0 helpers.o
 .bss           0x40002468        0x0 gainControl.o
 .bss           0x40002468        0x0 GPIOSetUp.o
 .bss           0x40002468        0x0 c:/yagarto/bin/../lib/gcc/arm-none-eabi/4.6.2\libgcc.a(_arm_addsubsf3.o)
 .bss           0x40002468        0x0 c:/yagarto/bin/../lib/gcc/arm-none-eabi/4.6.2\libgcc.a(_arm_muldivsf3.o)
 .bss           0x40002468        0x0 c:/yagarto/bin/../lib/gcc/arm-none-eabi/4.6.2\libgcc.a(_arm_fixunssfsi.o)
                0x40002468                __bss_end__ = .
                0x40002468                end = .
OUTPUT(./Output/RLP_test.elf elf32-littlearm)

.comment        0x00000000       0x11
 .comment       0x00000000       0x11 Debug.o
                                 0x12 (size before relaxing)
 .comment       0x00000000       0x12 main.o
 .comment       0x00000000       0x12 Bluetooth.o
 .comment       0x00000000       0x12 AnalogRead.o
 .comment       0x00000000       0x12 fourier.o
 .comment       0x00000000       0x12 sin.o
 .comment       0x00000000       0x12 time.o
 .comment       0x00000000       0x12 pwm.o
 .comment       0x00000000       0x12 helpers.o
 .comment       0x00000000       0x12 gainControl.o
 .comment       0x00000000       0x12 GPIOSetUp.o

.ARM.attributes
                0x00000000       0x32
 .ARM.attributes
                0x00000000       0x32 Debug.o
 .ARM.attributes
                0x00000032       0x32 main.o
 .ARM.attributes
                0x00000064       0x32 Bluetooth.o
 .ARM.attributes
                0x00000096       0x32 AnalogRead.o
 .ARM.attributes
                0x000000c8       0x32 fourier.o
 .ARM.attributes
                0x000000fa       0x32 sin.o
 .ARM.attributes
                0x0000012c       0x32 time.o
 .ARM.attributes
                0x0000015e       0x32 pwm.o
 .ARM.attributes
                0x00000190       0x32 helpers.o
 .ARM.attributes
                0x000001c2       0x32 gainControl.o
 .ARM.attributes
                0x000001f4       0x32 GPIOSetUp.o
 .ARM.attributes
                0x00000226       0x1a c:/yagarto/bin/../lib/gcc/arm-none-eabi/4.6.2\libgcc.a(_arm_addsubsf3.o)
 .ARM.attributes
                0x00000240       0x1a c:/yagarto/bin/../lib/gcc/arm-none-eabi/4.6.2\libgcc.a(_arm_muldivsf3.o)
 .ARM.attributes
                0x0000025a       0x1a c:/yagarto/bin/../lib/gcc/arm-none-eabi/4.6.2\libgcc.a(_arm_fixunssfsi.o)

.debug_line     0x00000000      0x2c7
 .debug_line    0x00000000      0x120 c:/yagarto/bin/../lib/gcc/arm-none-eabi/4.6.2\libgcc.a(_arm_addsubsf3.o)
 .debug_line    0x00000120      0x12a c:/yagarto/bin/../lib/gcc/arm-none-eabi/4.6.2\libgcc.a(_arm_muldivsf3.o)
 .debug_line    0x0000024a       0x7d c:/yagarto/bin/../lib/gcc/arm-none-eabi/4.6.2\libgcc.a(_arm_fixunssfsi.o)

.debug_info     0x00000000      0x1c5
 .debug_info    0x00000000       0x97 c:/yagarto/bin/../lib/gcc/arm-none-eabi/4.6.2\libgcc.a(_arm_addsubsf3.o)
 .debug_info    0x00000097       0x97 c:/yagarto/bin/../lib/gcc/arm-none-eabi/4.6.2\libgcc.a(_arm_muldivsf3.o)
 .debug_info    0x0000012e       0x97 c:/yagarto/bin/../lib/gcc/arm-none-eabi/4.6.2\libgcc.a(_arm_fixunssfsi.o)

.debug_abbrev   0x00000000       0x3c
 .debug_abbrev  0x00000000       0x14 c:/yagarto/bin/../lib/gcc/arm-none-eabi/4.6.2\libgcc.a(_arm_addsubsf3.o)
 .debug_abbrev  0x00000014       0x14 c:/yagarto/bin/../lib/gcc/arm-none-eabi/4.6.2\libgcc.a(_arm_muldivsf3.o)
 .debug_abbrev  0x00000028       0x14 c:/yagarto/bin/../lib/gcc/arm-none-eabi/4.6.2\libgcc.a(_arm_fixunssfsi.o)

.debug_aranges  0x00000000       0x60
 .debug_aranges
                0x00000000       0x20 c:/yagarto/bin/../lib/gcc/arm-none-eabi/4.6.2\libgcc.a(_arm_addsubsf3.o)
 .debug_aranges
                0x00000020       0x20 c:/yagarto/bin/../lib/gcc/arm-none-eabi/4.6.2\libgcc.a(_arm_muldivsf3.o)
 .debug_aranges
                0x00000040       0x20 c:/yagarto/bin/../lib/gcc/arm-none-eabi/4.6.2\libgcc.a(_arm_fixunssfsi.o)
